struct (
  'logdata' -> struct (
    'plotchannels' -> '[]'
  )
  'output' -> struct (
    'variable' -> 'f_taskTime'
  )
  'date' -> '734875.60776906251'
)