struct (
  'logdata' -> struct (
    'plotchannels' -> '[]'
  )
  'output' -> struct (
    'variable' -> 'DPFRc_prevActvRgnrtnStatusSt'
  )
  'state' -> struct (
    'max' -> '30'
    'min' -> '0'
    'scaling' -> './LocalScaling'
    'type' -> 'uint8'
  )
  'date' -> '734875.60776526621'
)